Archive member included       because of file (symbol)

C:\PIC30_~1\lib\libpic30.a(crt1.o)
                              (_resetALT)
C:\PIC30_~1\lib\libpic30.a(crt0.o)
                              (_resetPRI)
C:\PIC30_~1\lib\libm.a(udivsi3.o)
                              C:\AN992\medium_event.o (__udivsi3)
C:\PIC30_~1\lib\libm.a(mulsi3.o)
                              C:\AN992\medium_event.o (__mulsi3)
C:\PIC30_~1\lib\libm.a(divsi3.o)
                              C:\AN992\medium_event.o (__divsi3)
C:\PIC30_~1\lib\libc.a(atoi.o)
                              C:\AN992\user_interface.o (atoi)
C:\PIC30_~1\lib\libc.a(xstoul.o)
                              C:\PIC30_~1\lib\libc.a(atoi.o) (_Stoul)
C:\PIC30_~1\lib\libc.a(isspace.os)
                              C:\PIC30_~1\lib\libc.a(xstoul.o) (isspace)
C:\PIC30_~1\lib\libc.a(tolower.os)
                              C:\PIC30_~1\lib\libc.a(xstoul.o) (tolower)
C:\PIC30_~1\lib\libc.a(memchr.o)
                              C:\PIC30_~1\lib\libc.a(xstoul.o) (memchr)
C:\PIC30_~1\lib\libc.a(errno.o)
                              C:\PIC30_~1\lib\libc.a(xstoul.o) (errno)


Program Memory Usage

section        address   length (PC units)   length (bytes) (dec)
-------        -------   -----------------   --------------------
.reset               0                 0x4             0x6  (6)
.ivt               0x4                0x7c            0xba  (186)
.aivt             0x84                0x7c            0xba  (186)
.text            0x100              0x197a          0x2637  (9783)
.dinit          0x1a7a                0xbe           0x11d  (285)
.const          0x1b38               0x750           0xaf8  (2808)
__FOSC        0xf80000                 0x2             0x2  (2)

         Total program memory used (bytes):         0x33c9  (13257)


Data Memory Usage

section        address      alignment gaps    total length  (dec)
-------        -------      --------------    -------------------
.nbss            0x850                   0            0xc2  (194)
.ndata           0x912                   0           0x106  (262)

            Total data memory used (bytes):          0x1c8  (456)


Dynamic Memory Usage

region         address                      maximum length  (dec)
------         -------                      ---------------------
heap             0xa18                                   0  (0)
stack            0xa18                               0x1e0  (480)

            Maximum dynamic memory (bytes):          0x1e0  (480)


Memory Configuration

Name             Origin             Length             Attributes
data             0x000800           0x000400           a !xr
program          0x000100           0x003f00           xr
reset            0x000000           0x000004  
ivt              0x000004           0x00007c  
aivt             0x000084           0x00007c  
__FOSC           0xf80000           0x000002  
__FWDT           0xf80002           0x000002  
__FBORPOR        0xf80004           0x000002  
__CONFIG4        0xf80006           0x000002  
__CONFIG5        0xf80008           0x000002  
__FGS            0xf8000a           0x000002  
eedata           0x7ffc00           0x000400  

Linker script and memory map

LOAD C:\AN992\config.o
LOAD C:\AN992\flash_routines.o
LOAD C:\AN992\globals.o
LOAD C:\AN992\ISRs.o
LOAD C:\AN992\main.o
LOAD C:\AN992\medium_event.o
LOAD C:\AN992\setup.o
LOAD C:\AN992\slow_event.o
LOAD C:\AN992\user_interface.o
                    0x0001                  __NO_HANDLES=0x1
                    0x0000                  __RESET_BASE=0x0
                    0x0004                  __IVT_BASE=0x4
                    0x0084                  __AIVT_BASE=0x84
                    0x0100                  __CODE_BASE=0x100
                    0x0000                  __SFR_BASE=0x0
                    0x0800                  __DATA_BASE=0x800
                    0x0a00                  __YDATA_BASE=0xa00

.reset            0x000000          0x4
                  0x000000          0x2 SHORT 0x100 M(__reset)
                  0x000001          0x2 SHORT 0x4
                  0x000002          0x2 SHORT 0x0 ((M(__reset)>>=0x10)&0x7f)
                  0x000003          0x2 SHORT 0x0

.text             0x000100       0x197a
 *(.handle)
 *(.libc)
 .libc            0x000100         0x80 C:\PIC30_~1\lib\libpic30.a(crt0.o)
                  0x000100                  _reset
                  0x000114                  _psv_init
                  0x000100                  _resetPRI
                  0x000124                  _data_init
 .libc            0x000180          0x8 C:\PIC30_~1\lib\libc.a(atoi.o)
                  0x000180                  atoi
 .libc            0x000188        0x126 C:\PIC30_~1\lib\libc.a(xstoul.o)
                  0x000188                  _Stoul
 .libc            0x0002ae         0x10 C:\PIC30_~1\lib\libc.a(isspace.os)
                  0x0002ae                  isspace
 .libc            0x0002be          0xe C:\PIC30_~1\lib\libc.a(tolower.os)
                  0x0002be                  tolower
 .libc            0x0002cc         0x14 C:\PIC30_~1\lib\libc.a(memchr.o)
                  0x0002cc                  memchr
 .libc            0x0002e0          0xc C:\PIC30_~1\lib\libc.a(errno.o)
                  0x0002e0                  _Geterrno
 *(.libm)
 .libm            0x0002ec         0x20 C:\PIC30_~1\lib\libm.a(udivsi3.o)
                  0x0002ec                  __udivsi3
 .libm            0x00030c          0xc C:\PIC30_~1\lib\libm.a(mulsi3.o)
                  0x00030c                  __mulsi3
 .libm            0x000318         0x1e C:\PIC30_~1\lib\libm.a(divsi3.o)
                  0x000318                  __divsi3
 *(.libdsp)
 *(.lib*)
 *(.text)
 .text            0x000336         0xb8 C:\AN992\flash_routines.o
                  0x000336                  erase_flash_row
                  0x000352                  program_flash
 .text            0x0003ee        0x892 C:\AN992\ISRs.o
                  0x00062c                  _T3Interrupt
                  0x00044e                  _ADCInterrupt
                  0x000508                  _U1TXInterrupt
                  0x0003f8                  _AddressError
                  0x000546                  _T2Interrupt
                  0x00052c                  _T1Interrupt
                  0x000404                  _StackError
                  0x000424                  _FLTAInterrupt
                  0x000410                  _MathError
                  0x0003ee                  _DefaultInterrupt
                  0x00050c                  _U1RXInterrupt
                  0x00041c                  _PWMInterrupt
                  0x000632                  check_zero_crossing
 .text            0x000c80         0x4c C:\AN992\main.o
                  0x000c80                  main
 .text            0x000ccc        0x48c C:\AN992\medium_event.o
                  0x000f12                  voltage_control
                  0x000d70                  speed_loop
                  0x000ccc                  medium_event_handler
                  0x000f88                  starting_code
 .text            0x001158         0xe0 C:\AN992\setup.o
                  0x0011f8                  ReadConfig
                  0x0011e0                  setup_timers
                  0x0011d4                  setup_qei
                  0x001158                  setup_ports
                  0x001220                  setup_uart
                  0x001202                  WriteConfig
                  0x001174                  setup_motor_pwms
                  0x0011b8                  setup_adc
 .text            0x001238         0x3e C:\AN992\slow_event.o
                  0x001238                  slow_event_handler
 .text            0x001276        0x804 C:\AN992\user_interface.o
                  0x001a54                  send_fault
                  0x0016d6                  serial_handler
                  0x0019be                  SendRunMsg
                  0x0018ca                  SendHelpInfo
                  0x001878                  SendErrorMsg
                  0x001856                  SendTab
                  0x0019b4                  SendFaultMsg
                  0x001378                  process_parameters
                  0x00189e                  SendHelpMsg
                  0x001a16                  send_run
                  0x0019e4                  SendControlPara
                  0x001882                  SendMsg
                  0x001276                  process_switches
                  0x001a0e                  SendHeader
                  0x0016ac                  debounce_switches
                  0x00172c                  CheckHelp
                  0x0019c8                  SendMotorPara
                  0x0017f6                  SaveValue
                  0x0019d6                  SendLimitPara
                  0x001862                  SendCRLF
                  0x001928                  SendValue
                  0x00178a                  GetMsgIndex
                  0x0019f2                  SendStartingPara
                  0x001a00                  SendBoardPara

.dinit            0x001a7a         0xbe
 *(.dinit)
 .dinit           0x001a7a         0xbe data_init

usercode
 *(usercode)

__FOSC            0xf80000          0x2
 *(__FOSC.sec)
 __FOSC.sec       0xf80000          0x2 C:\AN992\config.o
                  0xf80000                  _FOSC

__FWDT
 *(__FWDT.sec)

__FBORPOR
 *(__FBORPOR.sec)

__CONFIG4
 *(__CONFIG4.sec)

__CONFIG5
 *(__CONFIG5.sec)

__FGS
 *(__FGS.sec)

.eedata
 *(.eedata)

.icd                0x0800         0x50
 *fill*             0x0800         0x50
                    0x08a0                  .=(.+DEFINED(__ICD2RAM)?0x50:0x0)

.xbss               0x0850          0x0
                    0x0850                  __bxdata=.
 *(.xbss)

.xdata              0x0850          0x0
 *(.xdata)
                    0x0850                  __exdata=.

.pbss
 *(.pbss)

.nbss             0x000850         0xc2
                  0x000850                  __bndata=.
 *(.nbss)
 .nbss            0x000850         0x98 C:\AN992\globals.o
                  0x00085e                  windmilling_demand
                  0x00085a                  ramp_end_demand
                  0x0008d6                  filtered_pot
                  0x00085c                  ramp_time
                  0x00087e                  parameter_mirror
                  0x00087a                  upper_tol
                  0x0008d2                  filtered_vdc
                  0x000864                  current_trip
                  0x000860                  windmilling_decel_rate
                  0x000872                  iloop_i_gain
                  0x0008ca                  ramp_demand_delta
                  0x0008c6                  starting_timer
                  0x000868                  speed_trip
                  0x000856                  ramp_speed_delta
                  0x000852                  hold2_demand
                  0x000874                  iloop_d_gain
                  0x000876                  vloop_p_gain
                  0x000878                  vloop_i_gain
                  0x0008c0                  control_flags2
                  0x0008e2                  Index
                  0x0008d0                  filtered_rpm
                  0x0008be                  control_flags
                  0x0008cc                  stemp
                  0x000870                  iloop_p_gain
                  0x0008c2                  ramp_start_rate
                  0x00086a                  voltage_demand
                  0x000858                  ramp_start_demand
                  0x000862                  acquire1_enable_rate
                  0x000854                  ramp_start_speed
                  0x00086e                  wloop_i_gain
                  0x0008d8                  RXPtr
                  0x0008d4                  filtered_ibus
                  0x0008c8                  ramp_rate_delta
                  0x0008ce                  new_speed
                  0x00087c                  lower_tol
                  0x0008da                  InData
                  0x00086c                  wloop_p_gain
                  0x000850                  hold1_demand
                  0x0008c4                  ramp_end_rate
                  0x0008e4                  TXPtr
                  0x000866                  voltage_trip
                  0x0008e6                  Tab
 .nbss            0x0008e8         0x1a C:\AN992\ISRs.o
 .nbss            0x000902          0xa C:\AN992\medium_event.o
 .nbss            0x00090c          0x6 C:\AN992\user_interface.o
                  0x000910                  interface_flags

.ndata              0x0912        0x106
 *(.ndata)
 .ndata             0x0912         0x5a C:\AN992\globals.o
                    0x095e                  check_counter
                    0x0952                  stall_counter
                    0x094e                  rpm
                    0x0968                  min_param_value
                    0x0966                  max_param_value
                    0x093e                  vph_blue_threshold
                    0x095c                  check_value
                    0x095a                  commutation_time
                    0x0913                  trip_state
                    0x093a                  vph_red_threshold
                    0x0961                  param
                    0x091a                  neg_current_limit
                    0x092c                  vdc
                    0x0938                  vph_blue
                    0x0928                  slow_event_count
                    0x0954                  phase_advance
                    0x094c                  period_measurement
                    0x0960                  valid_switch_states
                    0x094a                  ibus_offset
                    0x0956                  latest_delta
                    0x0916                  pos_current_limit
                    0x093c                  vph_yellow_threshold
                    0x095f                  acquire_counter
                    0x0948                  new_PR2
                    0x0950                  speed_demand
                    0x0936                  vph_yellow
                    0x0932                  pot
                    0x091e                  pos_duty_limit
                    0x0912                  run_state
                    0x0930                  vph
                    0x0962                  new_param_value
                    0x092a                  medium_speed_event_count
                    0x0934                  vph_red
                    0x0914                  sector
                    0x096a                  fault_count
                    0x0926                  current_demand
                    0x0940                  previous_timestamps
                    0x0946                  adc_channel_config
                    0x0922                  neg_duty_limit
                    0x0958                  previous_delta
                    0x0964                  param_increment
                    0x092e                  ibus
 .ndata             0x096c         0x5e C:\AN992\user_interface.o
                    0x096c                  user_parameters
 .ndata             0x09ca          0x4 C:\PIC30_~1\lib\libc.a(errno.o)
                    0x09cc                  _Tls_setup_errno
                    0x09ca                  errno
 *(.ndconst)
 .ndconst           0x09ce         0x4a C:\PIC30_~1\lib\libc.a(xstoul.o)
                    0x0a18                  __endata=.

.bss                0x0a18          0x0
 *(.bss)

.data               0x0a18          0x0
 *(.data)
 *(.dconst)

userdata
 *(userdata)

.ybss
 *(.ybss)

.ydata
 *(.ydata)

.const              0x9b38        0x750
 *(.const)
 .const             0x9b38        0x750 C:\AN992\user_interface.o
                    0x9fb8                  parameter_data
                    0xa1a7                  LimitParaHeader
                    0xa240                  FaultMessage
                    0xa1fc                  RunMessage
                    0x9bc2                  help_info
                    0xa14e                  HelpMsg_data
                    0xa162                  ErrorMsg
                    0xa270                  RunMsg2
                    0xa260                  RunMsg1
                    0xa1e6                  ControlParaHeader
                    0xa193                  MotorParaHeader
                    0xa06c                  ParaHeader
                    0xa1bb                  StartingParaHeader
                    0xa1d2                  BoardParaHeader
                    0x9bb2                  fault_data
                    0x0000                  __X_OVERFLOW=((__exdata!=__bxdata)&&(__exdata>__YDATA_BASE))?(__exdata-__YDATA_BASE):0x0
                    0x0000                  __NEAR_OVERFLOW=((__endata!=__bndata)&&(__endata>0x2000))?(__endata-0x2000):0x0

.ivt              0x000004         0x7c
                  0x000004          0x4 LONG 0x3ee DEFINED(__ReservedTrap0)?M(__ReservedTrap0):M(__DefaultInterrupt)
                  0x000006          0x4 LONG 0x3ee DEFINED(__OscillatorFail)?M(__OscillatorFail):M(__DefaultInterrupt)
                  0x000008          0x4 LONG 0x3f8 DEFINED(__AddressError)?M(__AddressError):M(__DefaultInterrupt)
                  0x00000a          0x4 LONG 0x404 DEFINED(__StackError)?M(__StackError):M(__DefaultInterrupt)
                  0x00000c          0x4 LONG 0x410 DEFINED(__MathError)?M(__MathError):M(__DefaultInterrupt)
                  0x00000e          0x4 LONG 0x3ee DEFINED(__ReservedTrap5)?M(__ReservedTrap5):M(__DefaultInterrupt)
                  0x000010          0x4 LONG 0x3ee DEFINED(__ReservedTrap6)?M(__ReservedTrap6):M(__DefaultInterrupt)
                  0x000012          0x4 LONG 0x3ee DEFINED(__ReservedTrap7)?M(__ReservedTrap7):M(__DefaultInterrupt)
                  0x000014          0x4 LONG 0x3ee DEFINED(__INT0Interrupt)?M(__INT0Interrupt):M(__DefaultInterrupt)
                  0x000016          0x4 LONG 0x3ee DEFINED(__IC1Interrupt)?M(__IC1Interrupt):M(__DefaultInterrupt)
                  0x000018          0x4 LONG 0x3ee DEFINED(__OC1Interrupt)?M(__OC1Interrupt):M(__DefaultInterrupt)
                  0x00001a          0x4 LONG 0x52c DEFINED(__T1Interrupt)?M(__T1Interrupt):M(__DefaultInterrupt)
                  0x00001c          0x4 LONG 0x3ee DEFINED(__IC2Interrupt)?M(__IC2Interrupt):M(__DefaultInterrupt)
                  0x00001e          0x4 LONG 0x3ee DEFINED(__OC2Interrupt)?M(__OC2Interrupt):M(__DefaultInterrupt)
                  0x000020          0x4 LONG 0x546 DEFINED(__T2Interrupt)?M(__T2Interrupt):M(__DefaultInterrupt)
                  0x000022          0x4 LONG 0x62c DEFINED(__T3Interrupt)?M(__T3Interrupt):M(__DefaultInterrupt)
                  0x000024          0x4 LONG 0x3ee DEFINED(__SPI1Interrupt)?M(__SPI1Interrupt):M(__DefaultInterrupt)
                  0x000026          0x4 LONG 0x50c DEFINED(__U1RXInterrupt)?M(__U1RXInterrupt):M(__DefaultInterrupt)
                  0x000028          0x4 LONG 0x508 DEFINED(__U1TXInterrupt)?M(__U1TXInterrupt):M(__DefaultInterrupt)
                  0x00002a          0x4 LONG 0x44e DEFINED(__ADCInterrupt)?M(__ADCInterrupt):M(__DefaultInterrupt)
                  0x00002c          0x4 LONG 0x3ee DEFINED(__NVMInterrupt)?M(__NVMInterrupt):M(__DefaultInterrupt)
                  0x00002e          0x4 LONG 0x3ee DEFINED(__SI2CInterrupt)?M(__SI2CInterrupt):M(__DefaultInterrupt)
                  0x000030          0x4 LONG 0x3ee DEFINED(__MI2CInterrupt)?M(__MI2CInterrupt):M(__DefaultInterrupt)
                  0x000032          0x4 LONG 0x3ee DEFINED(__CNInterrupt)?M(__CNInterrupt):M(__DefaultInterrupt)
                  0x000034          0x4 LONG 0x3ee DEFINED(__INT1Interrupt)?M(__INT1Interrupt):M(__DefaultInterrupt)
                  0x000036          0x4 LONG 0x3ee DEFINED(__IC7Interrupt)?M(__IC7Interrupt):M(__DefaultInterrupt)
                  0x000038          0x4 LONG 0x3ee DEFINED(__IC8Interrupt)?M(__IC8Interrupt):M(__DefaultInterrupt)
                  0x00003a          0x4 LONG 0x3ee DEFINED(__OC3Interrupt)?M(__OC3Interrupt):M(__DefaultInterrupt)
                  0x00003c          0x4 LONG 0x3ee DEFINED(__OC4Interrupt)?M(__OC4Interrupt):M(__DefaultInterrupt)
                  0x00003e          0x4 LONG 0x3ee DEFINED(__T4Interrupt)?M(__T4Interrupt):M(__DefaultInterrupt)
                  0x000040          0x4 LONG 0x3ee DEFINED(__T5Interrupt)?M(__T5Interrupt):M(__DefaultInterrupt)
                  0x000042          0x4 LONG 0x3ee DEFINED(__INT2Interrupt)?M(__INT2Interrupt):M(__DefaultInterrupt)
                  0x000044          0x4 LONG 0x3ee DEFINED(__U2RXInterrupt)?M(__U2RXInterrupt):M(__DefaultInterrupt)
                  0x000046          0x4 LONG 0x3ee DEFINED(__U2TXInterrupt)?M(__U2TXInterrupt):M(__DefaultInterrupt)
                  0x000048          0x4 LONG 0x3ee DEFINED(__SPI2Interrupt)?M(__SPI2Interrupt):M(__DefaultInterrupt)
                  0x00004a          0x4 LONG 0x3ee DEFINED(__C1Interrupt)?M(__C1Interrupt):M(__DefaultInterrupt)
                  0x00004c          0x4 LONG 0x3ee DEFINED(__IC3Interrupt)?M(__IC3Interrupt):M(__DefaultInterrupt)
                  0x00004e          0x4 LONG 0x3ee DEFINED(__IC4Interrupt)?M(__IC4Interrupt):M(__DefaultInterrupt)
                  0x000050          0x4 LONG 0x3ee DEFINED(__IC5Interrupt)?M(__IC5Interrupt):M(__DefaultInterrupt)
                  0x000052          0x4 LONG 0x3ee DEFINED(__IC6Interrupt)?M(__IC6Interrupt):M(__DefaultInterrupt)
                  0x000054          0x4 LONG 0x3ee DEFINED(__OC5Interrupt)?M(__OC5Interrupt):M(__DefaultInterrupt)
                  0x000056          0x4 LONG 0x3ee DEFINED(__OC6Interrupt)?M(__OC6Interrupt):M(__DefaultInterrupt)
                  0x000058          0x4 LONG 0x3ee DEFINED(__OC7Interrupt)?M(__OC7Interrupt):M(__DefaultInterrupt)
                  0x00005a          0x4 LONG 0x3ee DEFINED(__OC8Interrupt)?M(__OC8Interrupt):M(__DefaultInterrupt)
                  0x00005c          0x4 LONG 0x3ee DEFINED(__INT3Interrupt)?M(__INT3Interrupt):M(__DefaultInterrupt)
                  0x00005e          0x4 LONG 0x3ee DEFINED(__INT4Interrupt)?M(__INT4Interrupt):M(__DefaultInterrupt)
                  0x000060          0x4 LONG 0x3ee DEFINED(__C2Interrupt)?M(__C2Interrupt):M(__DefaultInterrupt)
                  0x000062          0x4 LONG 0x41c DEFINED(__PWMInterrupt)?M(__PWMInterrupt):M(__DefaultInterrupt)
                  0x000064          0x4 LONG 0x3ee DEFINED(__QEIInterrupt)?M(__QEIInterrupt):M(__DefaultInterrupt)
                  0x000066          0x4 LONG 0x3ee DEFINED(__DCIInterrupt)?M(__DCIInterrupt):M(__DefaultInterrupt)
                  0x000068          0x4 LONG 0x3ee DEFINED(__LVDInterrupt)?M(__LVDInterrupt):M(__DefaultInterrupt)
                  0x00006a          0x4 LONG 0x424 DEFINED(__FLTAInterrupt)?M(__FLTAInterrupt):M(__DefaultInterrupt)
                  0x00006c          0x4 LONG 0x3ee DEFINED(__FLTBInterrupt)?M(__FLTBInterrupt):M(__DefaultInterrupt)
                  0x00006e          0x4 LONG 0x3ee DEFINED(__Interrupt45)?M(__Interrupt45):M(__DefaultInterrupt)
                  0x000070          0x4 LONG 0x3ee DEFINED(__Interrupt46)?M(__Interrupt46):M(__DefaultInterrupt)
                  0x000072          0x4 LONG 0x3ee DEFINED(__Interrupt47)?M(__Interrupt47):M(__DefaultInterrupt)
                  0x000074          0x4 LONG 0x3ee DEFINED(__Interrupt48)?M(__Interrupt48):M(__DefaultInterrupt)
                  0x000076          0x4 LONG 0x3ee DEFINED(__Interrupt49)?M(__Interrupt49):M(__DefaultInterrupt)
                  0x000078          0x4 LONG 0x3ee DEFINED(__Interrupt50)?M(__Interrupt50):M(__DefaultInterrupt)
                  0x00007a          0x4 LONG 0x3ee DEFINED(__Interrupt51)?M(__Interrupt51):M(__DefaultInterrupt)
                  0x00007c          0x4 LONG 0x3ee DEFINED(__Interrupt52)?M(__Interrupt52):M(__DefaultInterrupt)
                  0x00007e          0x4 LONG 0x3ee DEFINED(__Interrupt53)?M(__Interrupt53):M(__DefaultInterrupt)

.aivt             0x000084         0x7c
                  0x000084          0x4 LONG 0x3ee DEFINED(__AltReservedTrap0)?M(__AltReservedTrap0):DEFINED(__ReservedTrap0)?M(__ReservedTrap0):M(__DefaultInterrupt)
                  0x000086          0x4 LONG 0x3ee DEFINED(__AltOscillatorFail)?M(__AltOscillatorFail):DEFINED(__OscillatorFail)?M(__OscillatorFail):M(__DefaultInterrupt)
                  0x000088          0x4 LONG 0x3f8 DEFINED(__AltAddressError)?M(__AltAddressError):DEFINED(__AddressError)?M(__AddressError):M(__DefaultInterrupt)
                  0x00008a          0x4 LONG 0x404 DEFINED(__AltStackError)?M(__AltStackError):DEFINED(__StackError)?M(__StackError):M(__DefaultInterrupt)
                  0x00008c          0x4 LONG 0x410 DEFINED(__AltMathError)?M(__AltMathError):DEFINED(__MathError)?M(__MathError):M(__DefaultInterrupt)
                  0x00008e          0x4 LONG 0x3ee DEFINED(__AltReservedTrap5)?M(__AltReservedTrap5):DEFINED(__ReservedTrap5)?M(__ReservedTrap5):M(__DefaultInterrupt)
                  0x000090          0x4 LONG 0x3ee DEFINED(__AltReservedTrap6)?M(__AltReservedTrap6):DEFINED(__ReservedTrap6)?M(__ReservedTrap6):M(__DefaultInterrupt)
                  0x000092          0x4 LONG 0x3ee DEFINED(__AltReservedTrap7)?M(__AltReservedTrap7):DEFINED(__ReservedTrap7)?M(__ReservedTrap7):M(__DefaultInterrupt)
                  0x000094          0x4 LONG 0x3ee DEFINED(__AltINT0Interrupt)?M(__AltINT0Interrupt):DEFINED(__INT0Interrupt)?M(__INT0Interrupt):M(__DefaultInterrupt)
                  0x000096          0x4 LONG 0x3ee DEFINED(__AltIC1Interrupt)?M(__AltIC1Interrupt):DEFINED(__IC1Interrupt)?M(__IC1Interrupt):M(__DefaultInterrupt)
                  0x000098          0x4 LONG 0x3ee DEFINED(__AltOC1Interrupt)?M(__AltOC1Interrupt):DEFINED(__OC1Interrupt)?M(__OC1Interrupt):M(__DefaultInterrupt)
                  0x00009a          0x4 LONG 0x52c DEFINED(__AltT1Interrupt)?M(__AltT1Interrupt):DEFINED(__T1Interrupt)?M(__T1Interrupt):M(__DefaultInterrupt)
                  0x00009c          0x4 LONG 0x3ee DEFINED(__AltIC2Interrupt)?M(__AltIC2Interrupt):DEFINED(__IC2Interrupt)?M(__IC2Interrupt):M(__DefaultInterrupt)
                  0x00009e          0x4 LONG 0x3ee DEFINED(__AltOC2Interrupt)?M(__AltOC2Interrupt):DEFINED(__OC2Interrupt)?M(__OC2Interrupt):M(__DefaultInterrupt)
                  0x0000a0          0x4 LONG 0x546 DEFINED(__AltT2Interrupt)?M(__AltT2Interrupt):DEFINED(__T2Interrupt)?M(__T2Interrupt):M(__DefaultInterrupt)
                  0x0000a2          0x4 LONG 0x62c DEFINED(__AltT3Interrupt)?M(__AltT3Interrupt):DEFINED(__T3Interrupt)?M(__T3Interrupt):M(__DefaultInterrupt)
                  0x0000a4          0x4 LONG 0x3ee DEFINED(__AltSPI1Interrupt)?M(__AltSPI1Interrupt):DEFINED(__SPI1Interrupt)?M(__SPI1Interrupt):M(__DefaultInterrupt)
                  0x0000a6          0x4 LONG 0x50c DEFINED(__AltU1RXInterrupt)?M(__AltU1RXInterrupt):DEFINED(__U1RXInterrupt)?M(__U1RXInterrupt):M(__DefaultInterrupt)
                  0x0000a8          0x4 LONG 0x508 DEFINED(__AltU1TXInterrupt)?M(__AltU1TXInterrupt):DEFINED(__U1TXInterrupt)?M(__U1TXInterrupt):M(__DefaultInterrupt)
                  0x0000aa          0x4 LONG 0x44e DEFINED(__AltADCInterrupt)?M(__AltADCInterrupt):DEFINED(__ADCInterrupt)?M(__ADCInterrupt):M(__DefaultInterrupt)
                  0x0000ac          0x4 LONG 0x3ee DEFINED(__AltNVMInterrupt)?M(__AltNVMInterrupt):DEFINED(__NVMInterrupt)?M(__NVMInterrupt):M(__DefaultInterrupt)
                  0x0000ae          0x4 LONG 0x3ee DEFINED(__AltSI2CInterrupt)?M(__AltSI2CInterrupt):DEFINED(__SI2CInterrupt)?M(__SI2CInterrupt):M(__DefaultInterrupt)
                  0x0000b0          0x4 LONG 0x3ee DEFINED(__AltMI2CInterrupt)?M(__AltMI2CInterrupt):DEFINED(__MI2CInterrupt)?M(__MI2CInterrupt):M(__DefaultInterrupt)
                  0x0000b2          0x4 LONG 0x3ee DEFINED(__AltCNInterrupt)?M(__AltCNInterrupt):DEFINED(__CNInterrupt)?M(__CNInterrupt):M(__DefaultInterrupt)
                  0x0000b4          0x4 LONG 0x3ee DEFINED(__AltINT1Interrupt)?M(__AltINT1Interrupt):DEFINED(__INT1Interrupt)?M(__INT1Interrupt):M(__DefaultInterrupt)
                  0x0000b6          0x4 LONG 0x3ee DEFINED(__AltIC7Interrupt)?M(__AltIC7Interrupt):DEFINED(__IC7Interrupt)?M(__IC7Interrupt):M(__DefaultInterrupt)
                  0x0000b8          0x4 LONG 0x3ee DEFINED(__AltIC8Interrupt)?M(__AltIC8Interrupt):DEFINED(__IC8Interrupt)?M(__IC8Interrupt):M(__DefaultInterrupt)
                  0x0000ba          0x4 LONG 0x3ee DEFINED(__AltOC3Interrupt)?M(__AltOC3Interrupt):DEFINED(__OC3Interrupt)?M(__OC3Interrupt):M(__DefaultInterrupt)
                  0x0000bc          0x4 LONG 0x3ee DEFINED(__AltOC4Interrupt)?M(__AltOC4Interrupt):DEFINED(__OC4Interrupt)?M(__OC4Interrupt):M(__DefaultInterrupt)
                  0x0000be          0x4 LONG 0x3ee DEFINED(__AltT4Interrupt)?M(__AltT4Interrupt):DEFINED(__T4Interrupt)?M(__T4Interrupt):M(__DefaultInterrupt)
                  0x0000c0          0x4 LONG 0x3ee DEFINED(__AltT5Interrupt)?M(__AltT5Interrupt):DEFINED(__T5Interrupt)?M(__T5Interrupt):M(__DefaultInterrupt)
                  0x0000c2          0x4 LONG 0x3ee DEFINED(__AltINT2Interrupt)?M(__AltINT2Interrupt):DEFINED(__INT2Interrupt)?M(__INT2Interrupt):M(__DefaultInterrupt)
                  0x0000c4          0x4 LONG 0x3ee DEFINED(__AltU2RXInterrupt)?M(__AltU2RXInterrupt):DEFINED(__U2RXInterrupt)?M(__U2RXInterrupt):M(__DefaultInterrupt)
                  0x0000c6          0x4 LONG 0x3ee DEFINED(__AltU2TXInterrupt)?M(__AltU2TXInterrupt):DEFINED(__U2TXInterrupt)?M(__U2TXInterrupt):M(__DefaultInterrupt)
                  0x0000c8          0x4 LONG 0x3ee DEFINED(__AltSPI2Interrupt)?M(__AltSPI2Interrupt):DEFINED(__SPI2Interrupt)?M(__SPI2Interrupt):M(__DefaultInterrupt)
                  0x0000ca          0x4 LONG 0x3ee DEFINED(__AltC1Interrupt)?M(__AltC1Interrupt):DEFINED(__C1Interrupt)?M(__C1Interrupt):M(__DefaultInterrupt)
                  0x0000cc          0x4 LONG 0x3ee DEFINED(__AltIC3Interrupt)?M(__AltIC3Interrupt):DEFINED(__IC3Interrupt)?M(__IC3Interrupt):M(__DefaultInterrupt)
                  0x0000ce          0x4 LONG 0x3ee DEFINED(__AltIC4Interrupt)?M(__AltIC4Interrupt):DEFINED(__IC4Interrupt)?M(__IC4Interrupt):M(__DefaultInterrupt)
                  0x0000d0          0x4 LONG 0x3ee DEFINED(__AltIC5Interrupt)?M(__AltIC5Interrupt):DEFINED(__IC5Interrupt)?M(__IC5Interrupt):M(__DefaultInterrupt)
                  0x0000d2          0x4 LONG 0x3ee DEFINED(__AltIC6Interrupt)?M(__AltIC6Interrupt):DEFINED(__IC6Interrupt)?M(__IC6Interrupt):M(__DefaultInterrupt)
                  0x0000d4          0x4 LONG 0x3ee DEFINED(__AltOC5Interrupt)?M(__AltOC5Interrupt):DEFINED(__OC5Interrupt)?M(__OC5Interrupt):M(__DefaultInterrupt)
                  0x0000d6          0x4 LONG 0x3ee DEFINED(__AltOC6Interrupt)?M(__AltOC6Interrupt):DEFINED(__OC6Interrupt)?M(__OC6Interrupt):M(__DefaultInterrupt)
                  0x0000d8          0x4 LONG 0x3ee DEFINED(__AltOC7Interrupt)?M(__AltOC7Interrupt):DEFINED(__OC7Interrupt)?M(__OC7Interrupt):M(__DefaultInterrupt)
                  0x0000da          0x4 LONG 0x3ee DEFINED(__AltOC8Interrupt)?M(__AltOC8Interrupt):DEFINED(__OC8Interrupt)?M(__OC8Interrupt):M(__DefaultInterrupt)
                  0x0000dc          0x4 LONG 0x3ee DEFINED(__AltINT3Interrupt)?M(__AltINT3Interrupt):DEFINED(__INT3Interrupt)?M(__INT3Interrupt):M(__DefaultInterrupt)
                  0x0000de          0x4 LONG 0x3ee DEFINED(__AltINT4Interrupt)?M(__AltINT4Interrupt):DEFINED(__INT4Interrupt)?M(__INT4Interrupt):M(__DefaultInterrupt)
                  0x0000e0          0x4 LONG 0x3ee DEFINED(__AltC2Interrupt)?M(__AltC2Interrupt):DEFINED(__C2Interrupt)?M(__C2Interrupt):M(__DefaultInterrupt)
                  0x0000e2          0x4 LONG 0x41c DEFINED(__AltPWMInterrupt)?M(__AltPWMInterrupt):DEFINED(__PWMInterrupt)?M(__PWMInterrupt):M(__DefaultInterrupt)
                  0x0000e4          0x4 LONG 0x3ee DEFINED(__AltQEIInterrupt)?M(__AltQEIInterrupt):DEFINED(__QEIInterrupt)?M(__QEIInterrupt):M(__DefaultInterrupt)
                  0x0000e6          0x4 LONG 0x3ee DEFINED(__AltDCIInterrupt)?M(__AltDCIInterrupt):DEFINED(__DCIInterrupt)?M(__DCIInterrupt):M(__DefaultInterrupt)
                  0x0000e8          0x4 LONG 0x3ee DEFINED(__AltLVDInterrupt)?M(__AltLVDInterrupt):DEFINED(__LVDInterrupt)?M(__LVDInterrupt):M(__DefaultInterrupt)
                  0x0000ea          0x4 LONG 0x424 DEFINED(__AltFLTAInterrupt)?M(__AltFLTAInterrupt):DEFINED(__FLTAInterrupt)?M(__FLTAInterrupt):M(__DefaultInterrupt)
                  0x0000ec          0x4 LONG 0x3ee DEFINED(__AltFLTBInterrupt)?M(__AltFLTBInterrupt):DEFINED(__FLTBInterrupt)?M(__FLTBInterrupt):M(__DefaultInterrupt)
                  0x0000ee          0x4 LONG 0x3ee DEFINED(__AltInterrupt45)?M(__AltInterrupt45):DEFINED(__Interrupt45)?M(__Interrupt45):M(__DefaultInterrupt)
                  0x0000f0          0x4 LONG 0x3ee DEFINED(__AltInterrupt46)?M(__AltInterrupt46):DEFINED(__Interrupt46)?M(__Interrupt46):M(__DefaultInterrupt)
                  0x0000f2          0x4 LONG 0x3ee DEFINED(__AltInterrupt47)?M(__AltInterrupt47):DEFINED(__Interrupt47)?M(__Interrupt47):M(__DefaultInterrupt)
                  0x0000f4          0x4 LONG 0x3ee DEFINED(__AltInterrupt48)?M(__AltInterrupt48):DEFINED(__Interrupt48)?M(__Interrupt48):M(__DefaultInterrupt)
                  0x0000f6          0x4 LONG 0x3ee DEFINED(__AltInterrupt49)?M(__AltInterrupt49):DEFINED(__Interrupt49)?M(__Interrupt49):M(__DefaultInterrupt)
                  0x0000f8          0x4 LONG 0x3ee DEFINED(__AltInterrupt50)?M(__AltInterrupt50):DEFINED(__Interrupt50)?M(__Interrupt50):M(__DefaultInterrupt)
                  0x0000fa          0x4 LONG 0x3ee DEFINED(__AltInterrupt51)?M(__AltInterrupt51):DEFINED(__Interrupt51)?M(__Interrupt51):M(__DefaultInterrupt)
                  0x0000fc          0x4 LONG 0x3ee DEFINED(__AltInterrupt52)?M(__AltInterrupt52):DEFINED(__Interrupt52)?M(__Interrupt52):M(__DefaultInterrupt)
                  0x0000fe          0x4 LONG 0x3ee DEFINED(__AltInterrupt53)?M(__AltInterrupt53):DEFINED(__Interrupt53)?M(__Interrupt53):M(__DefaultInterrupt)
                    0x0000                  WREG0=0x0
                    0x0000                  _WREG0=0x0
                    0x0002                  WREG1=0x2
                    0x0002                  _WREG1=0x2
                    0x0004                  WREG2=0x4
                    0x0004                  _WREG2=0x4
                    0x0006                  WREG3=0x6
                    0x0006                  _WREG3=0x6
                    0x0008                  WREG4=0x8
                    0x0008                  _WREG4=0x8
                    0x000a                  WREG5=0xa
                    0x000a                  _WREG5=0xa
                    0x000c                  WREG6=0xc
                    0x000c                  _WREG6=0xc
                    0x000e                  WREG7=0xe
                    0x000e                  _WREG7=0xe
                    0x0010                  WREG8=0x10
                    0x0010                  _WREG8=0x10
                    0x0012                  WREG9=0x12
                    0x0012                  _WREG9=0x12
                    0x0014                  WREG10=0x14
                    0x0014                  _WREG10=0x14
                    0x0016                  WREG11=0x16
                    0x0016                  _WREG11=0x16
                    0x0018                  WREG12=0x18
                    0x0018                  _WREG12=0x18
                    0x001a                  WREG13=0x1a
                    0x001a                  _WREG13=0x1a
                    0x001c                  WREG14=0x1c
                    0x001c                  _WREG14=0x1c
                    0x001e                  WREG15=0x1e
                    0x001e                  _WREG15=0x1e
                    0x0020                  SPLIM=0x20
                    0x0020                  _SPLIM=0x20
                    0x0022                  ACCAL=0x22
                    0x0022                  _ACCAL=0x22
                    0x0024                  ACCAH=0x24
                    0x0024                  _ACCAH=0x24
                    0x0026                  ACCAU=0x26
                    0x0026                  _ACCAU=0x26
                    0x0028                  ACCBL=0x28
                    0x0028                  _ACCBL=0x28
                    0x002a                  ACCBH=0x2a
                    0x002a                  _ACCBH=0x2a
                    0x002c                  ACCBU=0x2c
                    0x002c                  _ACCBU=0x2c
                    0x002e                  PCL=0x2e
                    0x002e                  _PCL=0x2e
                    0x0030                  PCH=0x30
                    0x0030                  _PCH=0x30
                    0x0032                  TBLPAG=0x32
                    0x0032                  _TBLPAG=0x32
                    0x0034                  PSVPAG=0x34
                    0x0034                  _PSVPAG=0x34
                    0x0036                  RCOUNT=0x36
                    0x0036                  _RCOUNT=0x36
                    0x0038                  DCOUNT=0x38
                    0x0038                  _DCOUNT=0x38
                    0x003a                  DOSTARTL=0x3a
                    0x003a                  _DOSTARTL=0x3a
                    0x003c                  DOSTARTH=0x3c
                    0x003c                  _DOSTARTH=0x3c
                    0x003e                  DOENDL=0x3e
                    0x003e                  _DOENDL=0x3e
                    0x0040                  DOENDH=0x40
                    0x0040                  _DOENDH=0x40
                    0x0042                  SR=0x42
                    0x0042                  _SR=0x42
                    0x0044                  CORCON=0x44
                    0x0044                  _CORCON=0x44
                    0x0046                  MODCON=0x46
                    0x0046                  _MODCON=0x46
                    0x0048                  XMODSRT=0x48
                    0x0048                  _XMODSRT=0x48
                    0x004a                  XMODEND=0x4a
                    0x004a                  _XMODEND=0x4a
                    0x004c                  YMODSRT=0x4c
                    0x004c                  _YMODSRT=0x4c
                    0x004e                  YMODEND=0x4e
                    0x004e                  _YMODEND=0x4e
                    0x0050                  XBREV=0x50
                    0x0050                  _XBREV=0x50
                    0x0052                  DISICNT=0x52
                    0x0052                  _DISICNT=0x52
                    0x0080                  INTCON1=0x80
                    0x0080                  _INTCON1=0x80
                    0x0082                  INTCON2=0x82
                    0x0082                  _INTCON2=0x82
                    0x0084                  IFS0=0x84
                    0x0084                  _IFS0=0x84
                    0x0086                  IFS1=0x86
                    0x0086                  _IFS1=0x86
                    0x0088                  IFS2=0x88
                    0x0088                  _IFS2=0x88
                    0x008c                  IEC0=0x8c
                    0x008c                  _IEC0=0x8c
                    0x008e                  IEC1=0x8e
                    0x008e                  _IEC1=0x8e
                    0x0090                  IEC2=0x90
                    0x0090                  _IEC2=0x90
                    0x0094                  IPC0=0x94
                    0x0094                  _IPC0=0x94
                    0x0096                  IPC1=0x96
                    0x0096                  _IPC1=0x96
                    0x0098                  IPC2=0x98
                    0x0098                  _IPC2=0x98
                    0x009a                  IPC3=0x9a
                    0x009a                  _IPC3=0x9a
                    0x009c                  IPC4=0x9c
                    0x009c                  _IPC4=0x9c
                    0x009e                  IPC5=0x9e
                    0x009e                  _IPC5=0x9e
                    0x00a6                  IPC9=0xa6
                    0x00a6                  _IPC9=0xa6
                    0x00a8                  IPC10=0xa8
                    0x00a8                  _IPC10=0xa8
                    0x00c0                  CNEN1=0xc0
                    0x00c0                  _CNEN1=0xc0
                    0x00c4                  CNPU1=0xc4
                    0x00c4                  _CNPU1=0xc4
                    0x0100                  TMR1=0x100
                    0x0100                  _TMR1=0x100
                    0x0102                  PR1=0x102
                    0x0102                  _PR1=0x102
                    0x0104                  T1CON=0x104
                    0x0104                  _T1CON=0x104
                    0x0106                  TMR2=0x106
                    0x0106                  _TMR2=0x106
                    0x0108                  TMR3HLD=0x108
                    0x0108                  _TMR3HLD=0x108
                    0x010a                  TMR3=0x10a
                    0x010a                  _TMR3=0x10a
                    0x010c                  PR2=0x10c
                    0x010c                  _PR2=0x10c
                    0x010e                  PR3=0x10e
                    0x010e                  _PR3=0x10e
                    0x0110                  T2CON=0x110
                    0x0110                  _T2CON=0x110
                    0x0112                  T3CON=0x112
                    0x0112                  _T3CON=0x112
                    0x0114                  TMR4=0x114
                    0x0114                  _TMR4=0x114
                    0x0116                  TMR5HLD=0x116
                    0x0116                  _TMR5HLD=0x116
                    0x0118                  TMR5=0x118
                    0x0118                  _TMR5=0x118
                    0x011a                  PR4=0x11a
                    0x011a                  _PR4=0x11a
                    0x011c                  PR5=0x11c
                    0x011c                  _PR5=0x11c
                    0x011e                  T4CON=0x11e
                    0x011e                  _T4CON=0x11e
                    0x0120                  T5CON=0x120
                    0x0120                  _T5CON=0x120
                    0x0122                  QEICON=0x122
                    0x0122                  _QEICON=0x122
                    0x0124                  DFLTCON=0x124
                    0x0124                  _DFLTCON=0x124
                    0x0126                  POSCNT=0x126
                    0x0126                  _POSCNT=0x126
                    0x0128                  MAXCNT=0x128
                    0x0128                  _MAXCNT=0x128
                    0x0140                  IC1BUF=0x140
                    0x0140                  _IC1BUF=0x140
                    0x0142                  IC1CON=0x142
                    0x0142                  _IC1CON=0x142
                    0x0144                  IC2BUF=0x144
                    0x0144                  _IC2BUF=0x144
                    0x0146                  IC2CON=0x146
                    0x0146                  _IC2CON=0x146
                    0x0158                  IC7BUF=0x158
                    0x0158                  _IC7BUF=0x158
                    0x015a                  IC7CON=0x15a
                    0x015a                  _IC7CON=0x15a
                    0x015c                  IC8BUF=0x15c
                    0x015c                  _IC8BUF=0x15c
                    0x015e                  IC8CON=0x15e
                    0x015e                  _IC8CON=0x15e
                    0x0180                  OC1RS=0x180
                    0x0180                  _OC1RS=0x180
                    0x0182                  OC1R=0x182
                    0x0182                  _OC1R=0x182
                    0x0184                  OC1CON=0x184
                    0x0184                  _OC1CON=0x184
                    0x0186                  OC2RS=0x186
                    0x0186                  _OC2RS=0x186
                    0x0188                  OC2R=0x188
                    0x0188                  _OC2R=0x188
                    0x018a                  OC2CON=0x18a
                    0x018a                  _OC2CON=0x18a
                    0x01c0                  PTCON=0x1c0
                    0x01c0                  _PTCON=0x1c0
                    0x01c2                  PTMR=0x1c2
                    0x01c2                  _PTMR=0x1c2
                    0x01c4                  PTPER=0x1c4
                    0x01c4                  _PTPER=0x1c4
                    0x01c6                  SEVTCMP=0x1c6
                    0x01c6                  _SEVTCMP=0x1c6
                    0x01c8                  PWMCON1=0x1c8
                    0x01c8                  _PWMCON1=0x1c8
                    0x01ca                  PWMCON2=0x1ca
                    0x01ca                  _PWMCON2=0x1ca
                    0x01cc                  DTCON1=0x1cc
                    0x01cc                  _DTCON1=0x1cc
                    0x01d0                  FLTACON=0x1d0
                    0x01d0                  _FLTACON=0x1d0
                    0x01d4                  OVDCON=0x1d4
                    0x01d4                  _OVDCON=0x1d4
                    0x01d6                  PDC1=0x1d6
                    0x01d6                  _PDC1=0x1d6
                    0x01d8                  PDC2=0x1d8
                    0x01d8                  _PDC2=0x1d8
                    0x01da                  PDC3=0x1da
                    0x01da                  _PDC3=0x1da
                    0x0200                  I2CRCV=0x200
                    0x0200                  _I2CRCV=0x200
                    0x0202                  I2CTRN=0x202
                    0x0202                  _I2CTRN=0x202
                    0x0204                  I2CBRG=0x204
                    0x0204                  _I2CBRG=0x204
                    0x0206                  I2CCON=0x206
                    0x0206                  _I2CCON=0x206
                    0x0208                  I2CSTAT=0x208
                    0x0208                  _I2CSTAT=0x208
                    0x020a                  I2CADD=0x20a
                    0x020a                  _I2CADD=0x20a
                    0x020c                  U1MODE=0x20c
                    0x020c                  _U1MODE=0x20c
                    0x020e                  U1STA=0x20e
                    0x020e                  _U1STA=0x20e
                    0x0210                  U1TXREG=0x210
                    0x0210                  _U1TXREG=0x210
                    0x0212                  U1RXREG=0x212
                    0x0212                  _U1RXREG=0x212
                    0x0214                  U1BRG=0x214
                    0x0214                  _U1BRG=0x214
                    0x0220                  SPI1STAT=0x220
                    0x0220                  _SPI1STAT=0x220
                    0x0222                  SPI1CON=0x222
                    0x0222                  _SPI1CON=0x222
                    0x0224                  SPI1BUF=0x224
                    0x0224                  _SPI1BUF=0x224
                    0x0280                  ADCBUF0=0x280
                    0x0280                  _ADCBUF0=0x280
                    0x0282                  ADCBUF1=0x282
                    0x0282                  _ADCBUF1=0x282
                    0x0284                  ADCBUF2=0x284
                    0x0284                  _ADCBUF2=0x284
                    0x0286                  ADCBUF3=0x286
                    0x0286                  _ADCBUF3=0x286
                    0x0288                  ADCBUF4=0x288
                    0x0288                  _ADCBUF4=0x288
                    0x028a                  ADCBUF5=0x28a
                    0x028a                  _ADCBUF5=0x28a
                    0x028c                  ADCBUF6=0x28c
                    0x028c                  _ADCBUF6=0x28c
                    0x028e                  ADCBUF7=0x28e
                    0x028e                  _ADCBUF7=0x28e
                    0x0290                  ADCBUF8=0x290
                    0x0290                  _ADCBUF8=0x290
                    0x0292                  ADCBUF9=0x292
                    0x0292                  _ADCBUF9=0x292
                    0x0294                  ADCBUFA=0x294
                    0x0294                  _ADCBUFA=0x294
                    0x0296                  ADCBUFB=0x296
                    0x0296                  _ADCBUFB=0x296
                    0x0298                  ADCBUFC=0x298
                    0x0298                  _ADCBUFC=0x298
                    0x029a                  ADCBUFD=0x29a
                    0x029a                  _ADCBUFD=0x29a
                    0x029c                  ADCBUFE=0x29c
                    0x029c                  _ADCBUFE=0x29c
                    0x029e                  ADCBUFF=0x29e
                    0x029e                  _ADCBUFF=0x29e
                    0x02a0                  ADCON1=0x2a0
                    0x02a0                  _ADCON1=0x2a0
                    0x02a2                  ADCON2=0x2a2
                    0x02a2                  _ADCON2=0x2a2
                    0x02a4                  ADCON3=0x2a4
                    0x02a4                  _ADCON3=0x2a4
                    0x02a6                  ADCHS=0x2a6
                    0x02a6                  _ADCHS=0x2a6
                    0x02a8                  ADPCFG=0x2a8
                    0x02a8                  _ADPCFG=0x2a8
                    0x02aa                  ADCSSL=0x2aa
                    0x02aa                  _ADCSSL=0x2aa
                    0x02c6                  TRISB=0x2c6
                    0x02c6                  _TRISB=0x2c6
                    0x02c8                  PORTB=0x2c8
                    0x02c8                  _PORTB=0x2c8
                    0x02ca                  LATB=0x2ca
                    0x02ca                  _LATB=0x2ca
                    0x02cc                  TRISC=0x2cc
                    0x02cc                  _TRISC=0x2cc
                    0x02ce                  PORTC=0x2ce
                    0x02ce                  _PORTC=0x2ce
                    0x02d0                  LATC=0x2d0
                    0x02d0                  _LATC=0x2d0
                    0x02d2                  TRISD=0x2d2
                    0x02d2                  _TRISD=0x2d2
                    0x02d4                  PORTD=0x2d4
                    0x02d4                  _PORTD=0x2d4
                    0x02d6                  LATD=0x2d6
                    0x02d6                  _LATD=0x2d6
                    0x02d8                  TRISE=0x2d8
                    0x02d8                  _TRISE=0x2d8
                    0x02da                  PORTE=0x2da
                    0x02da                  _PORTE=0x2da
                    0x02dc                  LATE=0x2dc
                    0x02dc                  _LATE=0x2dc
                    0x02de                  TRISF=0x2de
                    0x02de                  _TRISF=0x2de
                    0x02e0                  PORTF=0x2e0
                    0x02e0                  _PORTF=0x2e0
                    0x02e2                  LATF=0x2e2
                    0x02e2                  _LATF=0x2e2
                    0x0740                  RCON=0x740
                    0x0740                  _RCON=0x740
                    0x0742                  OSCCON=0x742
                    0x0742                  _OSCCON=0x742
                    0x0744                  OSCTUN=0x744
                    0x0744                  _OSCTUN=0x744
                    0x0760                  NVMCON=0x760
                    0x0760                  _NVMCON=0x760
                    0x0762                  NVMADR=0x762
                    0x0762                  _NVMADR=0x762
                    0x0764                  NVMADRU=0x764
                    0x0764                  _NVMADRU=0x764
                    0x0766                  NVMKEY=0x766
                    0x0766                  _NVMKEY=0x766
                    0x0770                  PMD1=0x770
                    0x0770                  _PMD1=0x770
                    0x0772                  PMD2=0x772
                    0x0772                  _PMD2=0x772
                    0x0774                  PMD3=0x774
                    0x0774                  _PMD3=0x774
                    0x0022                  ACCA=0x22
                    0x0022                  _ACCA=0x22
                    0x0028                  ACCB=0x28
                    0x0028                  _ACCB=0x28
                    0x0042                  SRbits=0x42
                    0x0042                  _SRbits=0x42
                    0x0044                  CORCONbits=0x44
                    0x0044                  _CORCONbits=0x44
                    0x0046                  MODCONbits=0x46
                    0x0046                  _MODCONbits=0x46
                    0x0050                  XBREVbits=0x50
                    0x0050                  _XBREVbits=0x50
                    0x0052                  DISICNTbits=0x52
                    0x0052                  _DISICNTbits=0x52
                    0x0080                  INTCON1bits=0x80
                    0x0080                  _INTCON1bits=0x80
                    0x0082                  INTCON2bits=0x82
                    0x0082                  _INTCON2bits=0x82
                    0x0084                  IFS0bits=0x84
                    0x0084                  _IFS0bits=0x84
                    0x0086                  IFS1bits=0x86
                    0x0086                  _IFS1bits=0x86
                    0x0088                  IFS2bits=0x88
                    0x0088                  _IFS2bits=0x88
                    0x008c                  IEC0bits=0x8c
                    0x008c                  _IEC0bits=0x8c
                    0x008e                  IEC1bits=0x8e
                    0x008e                  _IEC1bits=0x8e
                    0x0090                  IEC2bits=0x90
                    0x0090                  _IEC2bits=0x90
                    0x0094                  IPC0bits=0x94
                    0x0094                  _IPC0bits=0x94
                    0x0096                  IPC1bits=0x96
                    0x0096                  _IPC1bits=0x96
                    0x0098                  IPC2bits=0x98
                    0x0098                  _IPC2bits=0x98
                    0x009a                  IPC3bits=0x9a
                    0x009a                  _IPC3bits=0x9a
                    0x009c                  IPC4bits=0x9c
                    0x009c                  _IPC4bits=0x9c
                    0x009e                  IPC5bits=0x9e
                    0x009e                  _IPC5bits=0x9e
                    0x00a6                  IPC9bits=0xa6
                    0x00a6                  _IPC9bits=0xa6
                    0x00a8                  IPC10bits=0xa8
                    0x00a8                  _IPC10bits=0xa8
                    0x00c0                  CNEN1bits=0xc0
                    0x00c0                  _CNEN1bits=0xc0
                    0x00c4                  CNPU1bits=0xc4
                    0x00c4                  _CNPU1bits=0xc4
                    0x0104                  T1CONbits=0x104
                    0x0104                  _T1CONbits=0x104
                    0x0110                  T2CONbits=0x110
                    0x0110                  _T2CONbits=0x110
                    0x0112                  T3CONbits=0x112
                    0x0112                  _T3CONbits=0x112
                    0x011e                  T4CONbits=0x11e
                    0x011e                  _T4CONbits=0x11e
                    0x0120                  T5CONbits=0x120
                    0x0120                  _T5CONbits=0x120
                    0x0122                  QEICONbits=0x122
                    0x0122                  _QEICONbits=0x122
                    0x0124                  DFLTCONbits=0x124
                    0x0124                  _DFLTCONbits=0x124
                    0x0142                  IC1CONbits=0x142
                    0x0142                  _IC1CONbits=0x142
                    0x0146                  IC2CONbits=0x146
                    0x0146                  _IC2CONbits=0x146
                    0x015a                  IC7CONbits=0x15a
                    0x015a                  _IC7CONbits=0x15a
                    0x015e                  IC8CONbits=0x15e
                    0x015e                  _IC8CONbits=0x15e
                    0x0184                  OC1CONbits=0x184
                    0x0184                  _OC1CONbits=0x184
                    0x018a                  OC2CONbits=0x18a
                    0x018a                  _OC2CONbits=0x18a
                    0x01c0                  PTCONbits=0x1c0
                    0x01c0                  _PTCONbits=0x1c0
                    0x01c2                  PTMRbits=0x1c2
                    0x01c2                  _PTMRbits=0x1c2
                    0x01c4                  PTPERbits=0x1c4
                    0x01c4                  _PTPERbits=0x1c4
                    0x01c6                  SEVTCMPbits=0x1c6
                    0x01c6                  _SEVTCMPbits=0x1c6
                    0x01c8                  PWMCON1bits=0x1c8
                    0x01c8                  _PWMCON1bits=0x1c8
                    0x01ca                  PWMCON2bits=0x1ca
                    0x01ca                  _PWMCON2bits=0x1ca
                    0x01cc                  DTCON1bits=0x1cc
                    0x01cc                  _DTCON1bits=0x1cc
                    0x01d0                  FLTACONbits=0x1d0
                    0x01d0                  _FLTACONbits=0x1d0
                    0x01d4                  OVDCONbits=0x1d4
                    0x01d4                  _OVDCONbits=0x1d4
                    0x0200                  I2CRCVbits=0x200
                    0x0200                  _I2CRCVbits=0x200
                    0x0202                  I2CTRNbits=0x202
                    0x0202                  _I2CTRNbits=0x202
                    0x0204                  I2CBRGbits=0x204
                    0x0204                  _I2CBRGbits=0x204
                    0x0206                  I2CCONbits=0x206
                    0x0206                  _I2CCONbits=0x206
                    0x0208                  I2CSTATbits=0x208
                    0x0208                  _I2CSTATbits=0x208
                    0x020a                  I2CADDbits=0x20a
                    0x020a                  _I2CADDbits=0x20a
                    0x020c                  U1MODEbits=0x20c
                    0x020c                  _U1MODEbits=0x20c
                    0x020e                  U1STAbits=0x20e
                    0x020e                  _U1STAbits=0x20e
                    0x0210                  U1TXREGbits=0x210
                    0x0210                  _U1TXREGbits=0x210
                    0x0212                  U1RXREGbits=0x212
                    0x0212                  _U1RXREGbits=0x212
                    0x0220                  SPI1STATbits=0x220
                    0x0220                  _SPI1STATbits=0x220
                    0x0222                  SPI1CONbits=0x222
                    0x0222                  _SPI1CONbits=0x222
                    0x02a0                  ADCON1bits=0x2a0
                    0x02a0                  _ADCON1bits=0x2a0
                    0x02a2                  ADCON2bits=0x2a2
                    0x02a2                  _ADCON2bits=0x2a2
                    0x02a4                  ADCON3bits=0x2a4
                    0x02a4                  _ADCON3bits=0x2a4
                    0x02a6                  ADCHSbits=0x2a6
                    0x02a6                  _ADCHSbits=0x2a6
                    0x02a8                  ADPCFGbits=0x2a8
                    0x02a8                  _ADPCFGbits=0x2a8
                    0x02aa                  ADCSSLbits=0x2aa
                    0x02aa                  _ADCSSLbits=0x2aa
                    0x02c6                  TRISBbits=0x2c6
                    0x02c6                  _TRISBbits=0x2c6
                    0x02c8                  PORTBbits=0x2c8
                    0x02c8                  _PORTBbits=0x2c8
                    0x02ca                  LATBbits=0x2ca
                    0x02ca                  _LATBbits=0x2ca
                    0x02cc                  TRISCbits=0x2cc
                    0x02cc                  _TRISCbits=0x2cc
                    0x02ce                  PORTCbits=0x2ce
                    0x02ce                  _PORTCbits=0x2ce
                    0x02d0                  LATCbits=0x2d0
                    0x02d0                  _LATCbits=0x2d0
                    0x02d2                  TRISDbits=0x2d2
                    0x02d2                  _TRISDbits=0x2d2
                    0x02d4                  PORTDbits=0x2d4
                    0x02d4                  _PORTDbits=0x2d4
                    0x02d6                  LATDbits=0x2d6
                    0x02d6                  _LATDbits=0x2d6
                    0x02d8                  TRISEbits=0x2d8
                    0x02d8                  _TRISEbits=0x2d8
                    0x02da                  PORTEbits=0x2da
                    0x02da                  _PORTEbits=0x2da
                    0x02dc                  LATEbits=0x2dc
                    0x02dc                  _LATEbits=0x2dc
                    0x02de                  TRISFbits=0x2de
                    0x02de                  _TRISFbits=0x2de
                    0x02e0                  PORTFbits=0x2e0
                    0x02e0                  _PORTFbits=0x2e0
                    0x02e2                  LATFbits=0x2e2
                    0x02e2                  _LATFbits=0x2e2
                    0x0740                  RCONbits=0x740
                    0x0740                  _RCONbits=0x740
                    0x0742                  OSCCONbits=0x742
                    0x0742                  _OSCCONbits=0x742
                    0x0744                  OSCTUNbits=0x744
                    0x0744                  _OSCTUNbits=0x744
                    0x0760                  NVMCONbits=0x760
                    0x0760                  _NVMCONbits=0x760
                    0x0770                  PMD1bits=0x770
                    0x0770                  _PMD1bits=0x770
                    0x0772                  PMD2bits=0x772
                    0x0772                  _PMD2bits=0x772
                    0x0774                  PMD3bits=0x774
                    0x0774                  _PMD3bits=0x774
                    0x0140                  IC1=0x140
                    0x0140                  _IC1=0x140
                    0x0144                  IC2=0x144
                    0x0144                  _IC2=0x144
                    0x0148                  IC3=0x148
                    0x0148                  _IC3=0x148
                    0x014c                  IC4=0x14c
                    0x014c                  _IC4=0x14c
                    0x0180                  OC1=0x180
                    0x0180                  _OC1=0x180
                    0x0186                  OC2=0x186
                    0x0186                  _OC2=0x186
                    0x020c                  UART1=0x20c
                    0x020c                  _UART1=0x20c
                    0x0220                  SPI1=0x220
                    0x0220                  _SPI1=0x220
                    0x0001                  __ICD2RAM=0x1
START GROUP
LOAD C:\PIC30_~1\lib\libpic30.a
LOAD C:\PIC30_~1\lib\libm.a
LOAD C:\PIC30_~1\lib\libc.a
END GROUP
OUTPUT(AN992.cof coff-pic30)
LOAD data_init
